line: we are in 6.8centos7.5
line1: mytemp line on 6.8centos7.5
7.5line2:
7.5line4:
7.5line5:
