line0: we are in centos7
line3: we are in centos6
